// Jest Snapshot v1, https://goo.gl/fbAQLP

exports[`PlainHamburger renders correctly 1`] = `"<button type=\\"button\\" class=\\"hamburger hamburger--boring\\"><span class=\\"hamburger-box\\" style=\\"transform: scale(0.9); width: 36px; height: 23px;\\"><span class=\\"hamburger-inner\\" style=\\"background-color: rgb(0, 0, 0);\\"><span class=\\"hamburger-inner__before\\" style=\\"background-color: rgb(0, 0, 0);\\"></span> <span class=\\"hamburger-inner__after\\" style=\\"background-color: rgb(0, 0, 0);\\"></span></span></span></button>"`;
